
> webui@0.0.0 build
> vite build

node.exe : [31mfailed to load config from 
C:\Users\kunsa\ollama-chatbot\webui\vite.config.js[39m
At line:1 char:1
+ & "C:\Program Files\nodejs/node.exe" "C:\Program 
Files\nodejs/node_mo ...
+ ~~~~~~~~~~~~~~~~~~~~~~~~~~~~~~~~~~~~~~~~~~~~~~~~~~~~~~~~~~~~~~~~~
~~~~
    + CategoryInfo          : NotSpecified: ([31mfailed to ....co 
   nfig.js[39m:String) [], RemoteException
    + FullyQualifiedErrorId : NativeCommandError
 
[31merror during build:
Error [ERR_MODULE_NOT_FOUND]: Cannot find package 
'@vitejs/plugin-react' imported from C:\Users\kunsa\node_modules\.v
ite-temp\vite.config.js.timestamp-1774978773572-ec70cb51204c8.mjs
    at Object.getPackageJSONURL 
(node:internal/modules/package_json_reader:316:9)
    at packageResolve (node:internal/modules/esm/resolve:768:81)
    at moduleResolve (node:internal/modules/esm/resolve:858:18)
    at defaultResolve (node:internal/modules/esm/resolve:990:11)
    at #cachedDefaultResolve 
(node:internal/modules/esm/loader:718:20)
    at #resolveAndMaybeBlockOnLoaderThread 
(node:internal/modules/esm/loader:735:38)
    at ModuleLoader.resolveSync 
(node:internal/modules/esm/loader:764:52)
    at #resolve (node:internal/modules/esm/loader:700:17)
    at ModuleLoader.getOrCreateModuleJob 
(node:internal/modules/esm/loader:620:35)
    at ModuleJob.syncLink 
(node:internal/modules/esm/module_job:143:33)[39m
